Archive member included to satisfy reference by file (symbol)

../Sword_Game_bsp/\libhal_bsp.a(alt_load.o)
                              ../Sword_Game_bsp//obj/HAL/src/crt0.o (alt_load)
../Sword_Game_bsp/\libhal_bsp.a(alt_main.o)
                              ../Sword_Game_bsp//obj/HAL/src/crt0.o (alt_main)
../Sword_Game_bsp/\libhal_bsp.a(alt_printf.o)
                              obj/default/hello_world_small.o (alt_printf)
../Sword_Game_bsp/\libhal_bsp.a(alt_putchar.o)
                              ../Sword_Game_bsp/\libhal_bsp.a(alt_printf.o) (alt_putchar)
../Sword_Game_bsp/\libhal_bsp.a(alt_sys_init.o)
                              ../Sword_Game_bsp/\libhal_bsp.a(alt_main.o) (alt_irq_init)
../Sword_Game_bsp/\libhal_bsp.a(altera_avalon_jtag_uart_write.o)
                              ../Sword_Game_bsp/\libhal_bsp.a(alt_putchar.o) (altera_avalon_jtag_uart_write)
../Sword_Game_bsp/\libhal_bsp.a(alt_dcache_flush_all.o)
                              ../Sword_Game_bsp/\libhal_bsp.a(alt_load.o) (alt_dcache_flush_all)
../Sword_Game_bsp/\libhal_bsp.a(alt_icache_flush_all.o)
                              ../Sword_Game_bsp/\libhal_bsp.a(alt_load.o) (alt_icache_flush_all)
../Sword_Game_bsp/\libhal_bsp.a(altera_nios2_gen2_irq.o)
                              ../Sword_Game_bsp/\libhal_bsp.a(alt_sys_init.o) (altera_nios2_gen2_irq_init)

Memory Configuration

Name             Origin             Length             Attributes
reset            0x0000000000010000 0x0000000000000020
onchip_memory    0x0000000000010020 0x000000000000ffe0
*default*        0x0000000000000000 0xffffffffffffffff

Linker script and memory map

LOAD ../Sword_Game_bsp//obj/HAL/src/crt0.o
LOAD obj/default/hello_world_small.o
LOAD c:/intelfpga_lite/18.1/nios2eds/bin/gnu/h-x86_64-mingw32/bin/../lib/gcc/nios2-elf/5.3.0/../../../../../H-x86_64-mingw32/nios2-elf/lib/mno-hw-mul\libstdc++.a
LOAD c:/intelfpga_lite/18.1/nios2eds/bin/gnu/h-x86_64-mingw32/bin/../lib/gcc/nios2-elf/5.3.0/../../../../../H-x86_64-mingw32/nios2-elf/lib/mno-hw-mul\libm.a
LOAD c:/intelfpga_lite/18.1/nios2eds/bin/gnu/h-x86_64-mingw32/bin/../lib/gcc/nios2-elf/5.3.0/mno-hw-mul\libgcc.a
START GROUP
LOAD c:/intelfpga_lite/18.1/nios2eds/bin/gnu/h-x86_64-mingw32/bin/../lib/gcc/nios2-elf/5.3.0/../../../../../H-x86_64-mingw32/nios2-elf/lib/mno-hw-mul\libsmallc.a
LOAD c:/intelfpga_lite/18.1/nios2eds/bin/gnu/h-x86_64-mingw32/bin/../lib/gcc/nios2-elf/5.3.0/mno-hw-mul\libgcc.a
LOAD ../Sword_Game_bsp/\libhal_bsp.a
LOAD c:/intelfpga_lite/18.1/nios2eds/bin/gnu/h-x86_64-mingw32/bin/../lib/gcc/nios2-elf/5.3.0/../../../../../H-x86_64-mingw32/nios2-elf/lib/mno-hw-mul\libm.a
END GROUP
LOAD c:/intelfpga_lite/18.1/nios2eds/bin/gnu/h-x86_64-mingw32/bin/../lib/gcc/nios2-elf/5.3.0/mno-hw-mul\libgcc.a
                0x0000000000010000                __alt_mem_onchip_memory = 0x10000

.entry          0x0000000000010000       0x20
 *(.entry)
 .entry         0x0000000000010000       0x20 ../Sword_Game_bsp//obj/HAL/src/crt0.o
                0x0000000000010000                __reset
                0x000000000001000c                _exit

.exceptions     0x0000000000010020        0x0
                0x0000000000010020                PROVIDE (__ram_exceptions_start, ABSOLUTE (.))
                0x0000000000010020                . = ALIGN (0x20)
 *(.irq)
 *(.exceptions.entry.label)
 *(.exceptions.entry.user)
 *(.exceptions.entry.ecc_fatal)
 *(.exceptions.entry)
 *(.exceptions.irqtest.user)
 *(.exceptions.irqtest)
 *(.exceptions.irqhandler.user)
 *(.exceptions.irqhandler)
 *(.exceptions.irqreturn.user)
 *(.exceptions.irqreturn)
 *(.exceptions.notirq.label)
 *(.exceptions.notirq.user)
 *(.exceptions.notirq)
 *(.exceptions.soft.user)
 *(.exceptions.soft)
 *(.exceptions.unknown.user)
 *(.exceptions.unknown)
 *(.exceptions.exit.label)
 *(.exceptions.exit.user)
 *(.exceptions.exit)
 *(.exceptions)
                0x0000000000010020                PROVIDE (__ram_exceptions_end, ABSOLUTE (.))
                0x0000000000010020                PROVIDE (__flash_exceptions_start, LOADADDR (.exceptions))

.text           0x0000000000010020      0x414
                [!provide]                        PROVIDE (stext, ABSOLUTE (.))
 *(.interp)
 *(.hash)
 *(.dynsym)
 *(.dynstr)
 *(.gnu.version)
 *(.gnu.version_d)
 *(.gnu.version_r)
 *(.rel.init)
 *(.rela.init)
 *(.rel.text .rel.text.* .rel.gnu.linkonce.t.*)
 *(.rela.text .rela.text.* .rela.gnu.linkonce.t.*)
 *(.rel.fini)
 *(.rela.fini)
 *(.rel.rodata .rel.rodata.* .rel.gnu.linkonce.r.*)
 *(.rela.rodata .rela.rodata.* .rela.gnu.linkonce.r.*)
 *(.rel.data .rel.data.* .rel.gnu.linkonce.d.*)
 *(.rela.data .rela.data.* .rela.gnu.linkonce.d.*)
 *(.rel.tdata .rel.tdata.* .rel.gnu.linkonce.td.*)
 *(.rela.tdata .rela.tdata.* .rela.gnu.linkonce.td.*)
 *(.rel.tbss .rel.tbss.* .rel.gnu.linkonce.tb.*)
 *(.rela.tbss .rela.tbss.* .rela.gnu.linkonce.tb.*)
 *(.rel.ctors)
 *(.rela.ctors)
 *(.rel.dtors)
 *(.rela.dtors)
 *(.rel.got)
 *(.rela.got)
 *(.rel.sdata .rel.sdata.* .rel.gnu.linkonce.s.*)
 *(.rela.sdata .rela.sdata.* .rela.gnu.linkonce.s.*)
 *(.rel.sbss .rel.sbss.* .rel.gnu.linkonce.sb.*)
 *(.rela.sbss .rela.sbss.* .rela.gnu.linkonce.sb.*)
 *(.rel.sdata2 .rel.sdata2.* .rel.gnu.linkonce.s2.*)
 *(.rela.sdata2 .rela.sdata2.* .rela.gnu.linkonce.s2.*)
 *(.rel.sbss2 .rel.sbss2.* .rel.gnu.linkonce.sb2.*)
 *(.rela.sbss2 .rela.sbss2.* .rela.gnu.linkonce.sb2.*)
 *(.rel.bss .rel.bss.* .rel.gnu.linkonce.b.*)
 *(.rela.bss .rela.bss.* .rela.gnu.linkonce.b.*)
 *(.rel.plt)
 *(.rela.plt)
 *(.rel.dyn)
 *(.init)
 *(.plt)
 *(.text .stub .text.* .gnu.linkonce.t.*)
 .text          0x0000000000010020       0x3c ../Sword_Game_bsp//obj/HAL/src/crt0.o
                0x0000000000010020                _start
 .text          0x000000000001005c        0x0 obj/default/hello_world_small.o
 .text.startup  0x000000000001005c       0xac obj/default/hello_world_small.o
                0x000000000001005c                main
 .text          0x0000000000010108       0xe0 ../Sword_Game_bsp/\libhal_bsp.a(alt_load.o)
                0x0000000000010108                alt_load
 .text          0x00000000000101e8       0x2c ../Sword_Game_bsp/\libhal_bsp.a(alt_main.o)
                0x00000000000101e8                alt_main
 .text          0x0000000000010214      0x170 ../Sword_Game_bsp/\libhal_bsp.a(alt_printf.o)
                0x0000000000010214                alt_printf
 .text          0x0000000000010384       0x48 ../Sword_Game_bsp/\libhal_bsp.a(alt_putchar.o)
                0x0000000000010384                alt_putchar
 .text          0x00000000000103cc       0x24 ../Sword_Game_bsp/\libhal_bsp.a(alt_sys_init.o)
                0x00000000000103cc                alt_irq_init
                0x00000000000103ec                alt_sys_init
 .text          0x00000000000103f0       0x34 ../Sword_Game_bsp/\libhal_bsp.a(altera_avalon_jtag_uart_write.o)
                0x00000000000103f0                altera_avalon_jtag_uart_write
 .text          0x0000000000010424        0x4 ../Sword_Game_bsp/\libhal_bsp.a(alt_dcache_flush_all.o)
                0x0000000000010424                alt_dcache_flush_all
 .text          0x0000000000010428        0x4 ../Sword_Game_bsp/\libhal_bsp.a(alt_icache_flush_all.o)
                0x0000000000010428                alt_icache_flush_all
 .text          0x000000000001042c        0x8 ../Sword_Game_bsp/\libhal_bsp.a(altera_nios2_gen2_irq.o)
                0x000000000001042c                altera_nios2_gen2_irq_init
 *(.gnu.warning.*)
 *(.fini)
                [!provide]                        PROVIDE (__etext, ABSOLUTE (.))
                [!provide]                        PROVIDE (_etext, ABSOLUTE (.))
                [!provide]                        PROVIDE (etext, ABSOLUTE (.))
 *(.eh_frame_hdr)
                0x0000000000010434                . = ALIGN (0x4)
                [!provide]                        PROVIDE (__preinit_array_start, ABSOLUTE (.))
 *(.preinit_array)
                [!provide]                        PROVIDE (__preinit_array_end, ABSOLUTE (.))
                [!provide]                        PROVIDE (__init_array_start, ABSOLUTE (.))
 *(.init_array)
                [!provide]                        PROVIDE (__init_array_end, ABSOLUTE (.))
                [!provide]                        PROVIDE (__fini_array_start, ABSOLUTE (.))
 *(.fini_array)
                [!provide]                        PROVIDE (__fini_array_end, ABSOLUTE (.))
 *(.eh_frame)
 *(.gcc_except_table .gcc_except_table.*)
 *(.dynamic)
                [!provide]                        PROVIDE (__CTOR_LIST__, ABSOLUTE (.))
 *(.ctors)
 *(SORT(.ctors.*))
                [!provide]                        PROVIDE (__CTOR_END__, ABSOLUTE (.))
                [!provide]                        PROVIDE (__DTOR_LIST__, ABSOLUTE (.))
 *(.dtors)
 *(SORT(.dtors.*))
                [!provide]                        PROVIDE (__DTOR_END__, ABSOLUTE (.))
 *(.jcr)
                0x0000000000010434                . = ALIGN (0x4)

.rodata         0x0000000000010434       0x10
                0x0000000000010434                PROVIDE (__ram_rodata_start, ABSOLUTE (.))
                0x0000000000010434                . = ALIGN (0x4)
 *(.rodata .rodata.* .gnu.linkonce.r.*)
 .rodata.str1.4
                0x0000000000010434       0x10 obj/default/hello_world_small.o
                                          0xd (size before relaxing)
 *(.rodata1)
                0x0000000000010444                . = ALIGN (0x4)
                0x0000000000010444                PROVIDE (__ram_rodata_end, ABSOLUTE (.))
                0x0000000000010434                PROVIDE (__flash_rodata_start, LOADADDR (.rodata))

.rwdata         0x0000000000010444        0x4 load address 0x0000000000010448
                0x0000000000010444                PROVIDE (__ram_rwdata_start, ABSOLUTE (.))
                0x0000000000010444                . = ALIGN (0x4)
 *(.got.plt)
 *(.got)
 *(.data1)
 *(.data .data.* .gnu.linkonce.d.*)
 .data          0x0000000000010444        0x0 ../Sword_Game_bsp//obj/HAL/src/crt0.o
 .data          0x0000000000010444        0x0 obj/default/hello_world_small.o
 .data          0x0000000000010444        0x0 ../Sword_Game_bsp/\libhal_bsp.a(alt_load.o)
 .data          0x0000000000010444        0x0 ../Sword_Game_bsp/\libhal_bsp.a(alt_main.o)
 .data          0x0000000000010444        0x0 ../Sword_Game_bsp/\libhal_bsp.a(alt_printf.o)
 .data          0x0000000000010444        0x0 ../Sword_Game_bsp/\libhal_bsp.a(alt_putchar.o)
 .data          0x0000000000010444        0x0 ../Sword_Game_bsp/\libhal_bsp.a(alt_sys_init.o)
 .data          0x0000000000010444        0x0 ../Sword_Game_bsp/\libhal_bsp.a(altera_avalon_jtag_uart_write.o)
 .data          0x0000000000010444        0x0 ../Sword_Game_bsp/\libhal_bsp.a(alt_dcache_flush_all.o)
 .data          0x0000000000010444        0x0 ../Sword_Game_bsp/\libhal_bsp.a(alt_icache_flush_all.o)
 .data          0x0000000000010444        0x0 ../Sword_Game_bsp/\libhal_bsp.a(altera_nios2_gen2_irq.o)
                0x0000000000018444                _gp = ABSOLUTE ((. + 0x8000))
                [!provide]                        PROVIDE (gp, _gp)
 *(.rwdata .rwdata.*)
 *(.sdata .sdata.* .gnu.linkonce.s.*)
 .sdata         0x0000000000010444        0x4 ../Sword_Game_bsp/\libhal_bsp.a(alt_sys_init.o)
                0x0000000000010444                jtag_uart
 *(.sdata2 .sdata2.* .gnu.linkonce.s2.*)
                0x0000000000010448                . = ALIGN (0x4)
                0x0000000000010448                _edata = ABSOLUTE (.)
                [!provide]                        PROVIDE (edata, ABSOLUTE (.))
                0x0000000000010448                PROVIDE (__ram_rwdata_end, ABSOLUTE (.))
                0x0000000000010448                PROVIDE (__flash_rwdata_start, LOADADDR (.rwdata))

.bss            0x000000000001044c        0xc
                0x000000000001044c                __bss_start = ABSOLUTE (.)
                [!provide]                        PROVIDE (__sbss_start, ABSOLUTE (.))
                [!provide]                        PROVIDE (___sbss_start, ABSOLUTE (.))
 *(.dynsbss)
 *(.sbss .sbss.* .gnu.linkonce.sb.*)
 .sbss          0x000000000001044c        0xc ../Sword_Game_bsp/\libhal_bsp.a(alt_main.o)
                0x000000000001044c                alt_envp
                0x0000000000010450                alt_argv
                0x0000000000010454                alt_argc
 *(.sbss2 .sbss2.* .gnu.linkonce.sb2.*)
 *(.scommon)
                [!provide]                        PROVIDE (__sbss_end, ABSOLUTE (.))
                [!provide]                        PROVIDE (___sbss_end, ABSOLUTE (.))
 *(.dynbss)
 *(.bss .bss.* .gnu.linkonce.b.*)
 .bss           0x0000000000010458        0x0 ../Sword_Game_bsp//obj/HAL/src/crt0.o
 .bss           0x0000000000010458        0x0 obj/default/hello_world_small.o
 .bss           0x0000000000010458        0x0 ../Sword_Game_bsp/\libhal_bsp.a(alt_load.o)
 .bss           0x0000000000010458        0x0 ../Sword_Game_bsp/\libhal_bsp.a(alt_main.o)
 .bss           0x0000000000010458        0x0 ../Sword_Game_bsp/\libhal_bsp.a(alt_printf.o)
 .bss           0x0000000000010458        0x0 ../Sword_Game_bsp/\libhal_bsp.a(alt_putchar.o)
 .bss           0x0000000000010458        0x0 ../Sword_Game_bsp/\libhal_bsp.a(alt_sys_init.o)
 .bss           0x0000000000010458        0x0 ../Sword_Game_bsp/\libhal_bsp.a(altera_avalon_jtag_uart_write.o)
 .bss           0x0000000000010458        0x0 ../Sword_Game_bsp/\libhal_bsp.a(alt_dcache_flush_all.o)
 .bss           0x0000000000010458        0x0 ../Sword_Game_bsp/\libhal_bsp.a(alt_icache_flush_all.o)
 .bss           0x0000000000010458        0x0 ../Sword_Game_bsp/\libhal_bsp.a(altera_nios2_gen2_irq.o)
 *(COMMON)
                0x0000000000010458                . = ALIGN (0x4)
                0x0000000000010458                __bss_end = ABSOLUTE (.)

.onchip_memory  0x0000000000010458        0x0
                [!provide]                        PROVIDE (_alt_partition_onchip_memory_start, ABSOLUTE (.))
 *(.onchip_memory .onchip_memory. onchip_memory.*)
                0x0000000000010458                . = ALIGN (0x4)
                [!provide]                        PROVIDE (_alt_partition_onchip_memory_end, ABSOLUTE (.))
                0x0000000000010458                _end = ABSOLUTE (.)
                0x0000000000010458                end = ABSOLUTE (.)
                0x0000000000010458                __alt_stack_base = ABSOLUTE (.)
                [!provide]                        PROVIDE (_alt_partition_onchip_memory_load_addr, LOADADDR (.onchip_memory))

.stab
 *(.stab)

.stabstr
 *(.stabstr)

.stab.excl
 *(.stab.excl)

.stab.exclstr
 *(.stab.exclstr)

.stab.index
 *(.stab.index)

.stab.indexstr
 *(.stab.indexstr)

.comment        0x0000000000000000       0x23
 *(.comment)
 .comment       0x0000000000000000       0x23 obj/default/hello_world_small.o
                                         0x24 (size before relaxing)
 .comment       0x0000000000000023       0x24 ../Sword_Game_bsp/\libhal_bsp.a(alt_load.o)
 .comment       0x0000000000000023       0x24 ../Sword_Game_bsp/\libhal_bsp.a(alt_main.o)
 .comment       0x0000000000000023       0x24 ../Sword_Game_bsp/\libhal_bsp.a(alt_printf.o)
 .comment       0x0000000000000023       0x24 ../Sword_Game_bsp/\libhal_bsp.a(alt_putchar.o)
 .comment       0x0000000000000023       0x24 ../Sword_Game_bsp/\libhal_bsp.a(alt_sys_init.o)
 .comment       0x0000000000000023       0x24 ../Sword_Game_bsp/\libhal_bsp.a(altera_avalon_jtag_uart_write.o)
 .comment       0x0000000000000023       0x24 ../Sword_Game_bsp/\libhal_bsp.a(alt_dcache_flush_all.o)
 .comment       0x0000000000000023       0x24 ../Sword_Game_bsp/\libhal_bsp.a(alt_icache_flush_all.o)
 .comment       0x0000000000000023       0x24 ../Sword_Game_bsp/\libhal_bsp.a(altera_nios2_gen2_irq.o)

.debug
 *(.debug)

.line
 *(.line)

.debug_srcinfo
 *(.debug_srcinfo)

.debug_sfnames
 *(.debug_sfnames)

.debug_aranges  0x0000000000000000      0x168
 *(.debug_aranges)
 .debug_aranges
                0x0000000000000000       0x28 ../Sword_Game_bsp//obj/HAL/src/crt0.o
 .debug_aranges
                0x0000000000000028       0x20 obj/default/hello_world_small.o
 .debug_aranges
                0x0000000000000048       0x20 ../Sword_Game_bsp/\libhal_bsp.a(alt_load.o)
 .debug_aranges
                0x0000000000000068       0x20 ../Sword_Game_bsp/\libhal_bsp.a(alt_main.o)
 .debug_aranges
                0x0000000000000088       0x20 ../Sword_Game_bsp/\libhal_bsp.a(alt_printf.o)
 .debug_aranges
                0x00000000000000a8       0x20 ../Sword_Game_bsp/\libhal_bsp.a(alt_putchar.o)
 .debug_aranges
                0x00000000000000c8       0x20 ../Sword_Game_bsp/\libhal_bsp.a(alt_sys_init.o)
 .debug_aranges
                0x00000000000000e8       0x20 ../Sword_Game_bsp/\libhal_bsp.a(altera_avalon_jtag_uart_write.o)
 .debug_aranges
                0x0000000000000108       0x20 ../Sword_Game_bsp/\libhal_bsp.a(alt_dcache_flush_all.o)
 .debug_aranges
                0x0000000000000128       0x20 ../Sword_Game_bsp/\libhal_bsp.a(alt_icache_flush_all.o)
 .debug_aranges
                0x0000000000000148       0x20 ../Sword_Game_bsp/\libhal_bsp.a(altera_nios2_gen2_irq.o)

.debug_pubnames
 *(.debug_pubnames)

.debug_info     0x0000000000000000      0xc93
 *(.debug_info .gnu.linkonce.wi.*)
 .debug_info    0x0000000000000000       0x82 ../Sword_Game_bsp//obj/HAL/src/crt0.o
 .debug_info    0x0000000000000082      0x17e obj/default/hello_world_small.o
 .debug_info    0x0000000000000200      0x1c9 ../Sword_Game_bsp/\libhal_bsp.a(alt_load.o)
 .debug_info    0x00000000000003c9      0x169 ../Sword_Game_bsp/\libhal_bsp.a(alt_main.o)
 .debug_info    0x0000000000000532      0x14d ../Sword_Game_bsp/\libhal_bsp.a(alt_printf.o)
 .debug_info    0x000000000000067f      0x12a ../Sword_Game_bsp/\libhal_bsp.a(alt_putchar.o)
 .debug_info    0x00000000000007a9      0x19d ../Sword_Game_bsp/\libhal_bsp.a(alt_sys_init.o)
 .debug_info    0x0000000000000946      0x197 ../Sword_Game_bsp/\libhal_bsp.a(altera_avalon_jtag_uart_write.o)
 .debug_info    0x0000000000000add       0x92 ../Sword_Game_bsp/\libhal_bsp.a(alt_dcache_flush_all.o)
 .debug_info    0x0000000000000b6f       0x92 ../Sword_Game_bsp/\libhal_bsp.a(alt_icache_flush_all.o)
 .debug_info    0x0000000000000c01       0x92 ../Sword_Game_bsp/\libhal_bsp.a(altera_nios2_gen2_irq.o)

.debug_abbrev   0x0000000000000000      0x6d1
 *(.debug_abbrev)
 .debug_abbrev  0x0000000000000000       0x12 ../Sword_Game_bsp//obj/HAL/src/crt0.o
 .debug_abbrev  0x0000000000000012       0xa9 obj/default/hello_world_small.o
 .debug_abbrev  0x00000000000000bb       0xd8 ../Sword_Game_bsp/\libhal_bsp.a(alt_load.o)
 .debug_abbrev  0x0000000000000193       0xee ../Sword_Game_bsp/\libhal_bsp.a(alt_main.o)
 .debug_abbrev  0x0000000000000281       0xd5 ../Sword_Game_bsp/\libhal_bsp.a(alt_printf.o)
 .debug_abbrev  0x0000000000000356       0xd2 ../Sword_Game_bsp/\libhal_bsp.a(alt_putchar.o)
 .debug_abbrev  0x0000000000000428      0x10e ../Sword_Game_bsp/\libhal_bsp.a(alt_sys_init.o)
 .debug_abbrev  0x0000000000000536       0xd5 ../Sword_Game_bsp/\libhal_bsp.a(altera_avalon_jtag_uart_write.o)
 .debug_abbrev  0x000000000000060b       0x42 ../Sword_Game_bsp/\libhal_bsp.a(alt_dcache_flush_all.o)
 .debug_abbrev  0x000000000000064d       0x42 ../Sword_Game_bsp/\libhal_bsp.a(alt_icache_flush_all.o)
 .debug_abbrev  0x000000000000068f       0x42 ../Sword_Game_bsp/\libhal_bsp.a(altera_nios2_gen2_irq.o)

.debug_line     0x0000000000000000      0x6de
 *(.debug_line)
 .debug_line    0x0000000000000000       0x66 ../Sword_Game_bsp//obj/HAL/src/crt0.o
 .debug_line    0x0000000000000066       0xba obj/default/hello_world_small.o
 .debug_line    0x0000000000000120       0xa4 ../Sword_Game_bsp/\libhal_bsp.a(alt_load.o)
 .debug_line    0x00000000000001c4       0xbd ../Sword_Game_bsp/\libhal_bsp.a(alt_main.o)
 .debug_line    0x0000000000000281      0x112 ../Sword_Game_bsp/\libhal_bsp.a(alt_printf.o)
 .debug_line    0x0000000000000393       0x55 ../Sword_Game_bsp/\libhal_bsp.a(alt_putchar.o)
 .debug_line    0x00000000000003e8      0x11a ../Sword_Game_bsp/\libhal_bsp.a(alt_sys_init.o)
 .debug_line    0x0000000000000502       0xf0 ../Sword_Game_bsp/\libhal_bsp.a(altera_avalon_jtag_uart_write.o)
 .debug_line    0x00000000000005f2       0x4e ../Sword_Game_bsp/\libhal_bsp.a(alt_dcache_flush_all.o)
 .debug_line    0x0000000000000640       0x4e ../Sword_Game_bsp/\libhal_bsp.a(alt_icache_flush_all.o)
 .debug_line    0x000000000000068e       0x50 ../Sword_Game_bsp/\libhal_bsp.a(altera_nios2_gen2_irq.o)

.debug_frame    0x0000000000000000      0x1d0
 *(.debug_frame)
 .debug_frame   0x0000000000000000       0x34 obj/default/hello_world_small.o
 .debug_frame   0x0000000000000034       0x30 ../Sword_Game_bsp/\libhal_bsp.a(alt_load.o)
 .debug_frame   0x0000000000000064       0x2c ../Sword_Game_bsp/\libhal_bsp.a(alt_main.o)
 .debug_frame   0x0000000000000090       0x54 ../Sword_Game_bsp/\libhal_bsp.a(alt_printf.o)
 .debug_frame   0x00000000000000e4       0x30 ../Sword_Game_bsp/\libhal_bsp.a(alt_putchar.o)
 .debug_frame   0x0000000000000114       0x3c ../Sword_Game_bsp/\libhal_bsp.a(alt_sys_init.o)
 .debug_frame   0x0000000000000150       0x20 ../Sword_Game_bsp/\libhal_bsp.a(altera_avalon_jtag_uart_write.o)
 .debug_frame   0x0000000000000170       0x20 ../Sword_Game_bsp/\libhal_bsp.a(alt_dcache_flush_all.o)
 .debug_frame   0x0000000000000190       0x20 ../Sword_Game_bsp/\libhal_bsp.a(alt_icache_flush_all.o)
 .debug_frame   0x00000000000001b0       0x20 ../Sword_Game_bsp/\libhal_bsp.a(altera_nios2_gen2_irq.o)

.debug_str      0x0000000000000000      0x580
 *(.debug_str)
 .debug_str     0x0000000000000000      0x18a obj/default/hello_world_small.o
                                        0x1c8 (size before relaxing)
 .debug_str     0x000000000000018a      0x161 ../Sword_Game_bsp/\libhal_bsp.a(alt_load.o)
                                        0x250 (size before relaxing)
 .debug_str     0x00000000000002eb       0x8f ../Sword_Game_bsp/\libhal_bsp.a(alt_main.o)
                                        0x1c9 (size before relaxing)
 .debug_str     0x000000000000037a       0x59 ../Sword_Game_bsp/\libhal_bsp.a(alt_printf.o)
                                        0x11a (size before relaxing)
 .debug_str     0x00000000000003d3       0x5e ../Sword_Game_bsp/\libhal_bsp.a(alt_putchar.o)
                                        0x19f (size before relaxing)
 .debug_str     0x0000000000000431       0xb9 ../Sword_Game_bsp/\libhal_bsp.a(alt_sys_init.o)
                                        0x270 (size before relaxing)
 .debug_str     0x00000000000004ea       0x38 ../Sword_Game_bsp/\libhal_bsp.a(altera_avalon_jtag_uart_write.o)
                                        0x229 (size before relaxing)
 .debug_str     0x0000000000000522       0x1f ../Sword_Game_bsp/\libhal_bsp.a(alt_dcache_flush_all.o)
                                        0x169 (size before relaxing)
 .debug_str     0x0000000000000541       0x1f ../Sword_Game_bsp/\libhal_bsp.a(alt_icache_flush_all.o)
                                        0x169 (size before relaxing)
 .debug_str     0x0000000000000560       0x20 ../Sword_Game_bsp/\libhal_bsp.a(altera_nios2_gen2_irq.o)
                                        0x170 (size before relaxing)

.debug_loc      0x0000000000000000      0x369
 *(.debug_loc)
 .debug_loc     0x0000000000000000       0xb3 obj/default/hello_world_small.o
 .debug_loc     0x00000000000000b3      0x1de ../Sword_Game_bsp/\libhal_bsp.a(alt_printf.o)
 .debug_loc     0x0000000000000291       0x2c ../Sword_Game_bsp/\libhal_bsp.a(alt_putchar.o)
 .debug_loc     0x00000000000002bd       0x21 ../Sword_Game_bsp/\libhal_bsp.a(alt_sys_init.o)
 .debug_loc     0x00000000000002de       0x8b ../Sword_Game_bsp/\libhal_bsp.a(altera_avalon_jtag_uart_write.o)

.debug_macinfo
 *(.debug_macinfo)

.debug_weaknames
 *(.debug_weaknames)

.debug_funcnames
 *(.debug_funcnames)

.debug_typenames
 *(.debug_typenames)

.debug_varnames
 *(.debug_varnames)

.debug_alt_sim_info
                0x0000000000000000       0x10
 *(.debug_alt_sim_info)
 .debug_alt_sim_info
                0x0000000000000000       0x10 ../Sword_Game_bsp//obj/HAL/src/crt0.o
                0x0000000000020000                __alt_data_end = 0x20000
                0x0000000000020000                PROVIDE (__alt_stack_pointer, __alt_data_end)
                [!provide]                        PROVIDE (__alt_stack_limit, __alt_stack_base)
                [!provide]                        PROVIDE (__alt_heap_start, end)
                [!provide]                        PROVIDE (__alt_heap_limit, 0x20000)
OUTPUT(Sword_Game.elf elf32-littlenios2)

.debug_ranges   0x0000000000000000       0x90
 .debug_ranges  0x0000000000000000       0x20 ../Sword_Game_bsp//obj/HAL/src/crt0.o
 .debug_ranges  0x0000000000000020       0x10 obj/default/hello_world_small.o
 .debug_ranges  0x0000000000000030       0x48 ../Sword_Game_bsp/\libhal_bsp.a(alt_load.o)
 .debug_ranges  0x0000000000000078       0x18 ../Sword_Game_bsp/\libhal_bsp.a(alt_printf.o)
